Archive member included because of file (symbol)

libMeanGreenG14.a(sin.o)      ./src/r_cg_timer_user.o (sin)
libMeanGreenG14.a(sinus.o)    libMeanGreenG14.a(sin.o) (__sinus)
libMeanGreenG14.a(errno.o)    libMeanGreenG14.a(sinus.o) (errno)
libMeanGreenG14.a(fabs.o)     libMeanGreenG14.a(sinus.o) (fabs)
C:\PROGRA~2\KPIT\GNURL7~1.02-\rl78-elf/lib/gcc/rl78-elf/4.9-GNURL78_v15.02/g14\libgcc.a(fpbit-sf.o)
                              libMeanGreenG14.a(sinus.o) (__ltsf2)
C:\PROGRA~2\KPIT\GNURL7~1.02-\rl78-elf/lib/gcc/rl78-elf/4.9-GNURL78_v15.02/g14\libgcc.a(fpmath-sf.o)
                              C:\PROGRA~2\KPIT\GNURL7~1.02-\rl78-elf/lib/gcc/rl78-elf/4.9-GNURL78_v15.02/g14\libgcc.a(fpbit-sf.o) (_int_isinf)
C:\PROGRA~2\KPIT\GNURL7~1.02-\rl78-elf/lib/gcc/rl78-elf/4.9-GNURL78_v15.02/g14\libgcc.a(_muldi3.o)
                              C:\PROGRA~2\KPIT\GNURL7~1.02-\rl78-elf/lib/gcc/rl78-elf/4.9-GNURL78_v15.02/g14\libgcc.a(fpmath-sf.o) (__muldi3)
C:\PROGRA~2\KPIT\GNURL7~1.02-\rl78-elf/lib/gcc/rl78-elf/4.9-GNURL78_v15.02/g14\libgcc.a(_divdi3.o)
                              C:\PROGRA~2\KPIT\GNURL7~1.02-\rl78-elf/lib/gcc/rl78-elf/4.9-GNURL78_v15.02/g14\libgcc.a(fpmath-sf.o) (__divdi3)
C:\PROGRA~2\KPIT\GNURL7~1.02-\rl78-elf/lib/gcc/rl78-elf/4.9-GNURL78_v15.02/g14\libgcc.a(divmodsi.o)
                              C:\PROGRA~2\KPIT\GNURL7~1.02-\rl78-elf/lib/gcc/rl78-elf/4.9-GNURL78_v15.02/g14\libgcc.a(_divdi3.o) (__udivsi3)
C:\PROGRA~2\KPIT\GNURL7~1.02-\rl78-elf/lib/gcc/rl78-elf/4.9-GNURL78_v15.02/g14\libgcc.a(_clz.o)
                              C:\PROGRA~2\KPIT\GNURL7~1.02-\rl78-elf/lib/gcc/rl78-elf/4.9-GNURL78_v15.02/g14\libgcc.a(_divdi3.o) (__clz_tab)

Allocating common symbols
Common symbol       size              file

A                   0x1               ./src/r_cg_timer_user.o
TAUflag             0x1               ./src/r_cg_timer_user.o
errno               0x2               libMeanGreenG14.a(errno.o)

Memory Configuration

Name             Origin             Length             Attributes
VEC              0x00000000         0x00000004
IVEC             0x00000004         0x000000bc
OPT              0x000000c0         0x00000004
SEC_ID           0x000000c4         0x0000000a
OCDSTAD          0x000000ce         0x0000000a
OCDROM           0x0000fe00         0x00000200
ROM              0x000000d8         0x0000fd28
MIRROR           0x000f2000         0x0000c8ff
RAM              0x000fe900         0x000015ff
*default*        0x00000000         0xffffffff

Linker script and memory map


.vec            0x00000000        0x4
 *(.vec)
 .vec           0x00000000        0x4 ./src/r_cg_vector_table.o
                0x00000000                HardwareVectors

.vects          0x00000004       0x7c
 *(.vects)
 .vects         0x00000004       0x7c ./src/r_cg_vector_table.o
                0x00000004                Vectors

.option_bytes   0x000000c0        0x4
 *(.option_bytes)
 .option_bytes  0x000000c0        0x4 ./src/r_cg_vector_table.o
                0x000000c0                Option_Bytes

.security_id    0x000000c4        0xa
 *(.security_id)
 .security_id   0x000000c4        0xa ./src/r_cg_vector_table.o
                0x000000c4                Security_Id

.lowtext        0x000000d8        0x0
 *(.plt)
 .plt           0x000000d8        0x0 ./src/r_cg_timer_user.o
 *(.lowtext)
                0x000000d8                . = ALIGN (0x2)

.tors           0x000000d8        0x0
                0x000000d8                __CTOR_LIST__ = .
                0x000000d8                . = ALIGN (0x2)
                0x000000d8                ___ctors = .
 *(.ctors)
                0x000000d8                ___ctors_end = .
                0x000000d8                __CTOR_END__ = .
                0x000000d8                __DTOR_LIST__ = .
                0x000000d8                ___dtors = .
 *(.dtors)
                0x000000d8                ___dtors_end = .
                0x000000d8                __DTOR_END__ = .
                0x000000d8                _mdata = .

.text           0x000000e2     0x47fa
 *(.text)
 .text          0x000000e2      0x37d ./src/lcd.o
                0x000000e2                writeByteLcd
                0x00000113                writeNibbleLcd
                0x00000215                initLcd
                0x00000348                writeString
                0x000003f8                scroll
 .text          0x0000045f      0x2a6 ./src/r_cg_adc.o
                0x0000045f                R_ADC_Create
                0x0000061a                R_ADC_Start
                0x00000666                R_ADC_Stop
                0x000006b2                R_ADC_Set_OperationOn
                0x000006cc                R_ADC_Set_OperationOff
                0x000006e6                R_ADC_Get_Result
 .text          0x00000705        0xc ./src/r_cg_adc_user.o
                0x00000705                r_adc_interrupt
 .text          0x00000711       0x9b ./src/r_cg_cgc.o
                0x00000711                R_CGC_Create
 .text          0x000007ac        0x0 ./src/r_cg_cgc_user.o
 .text          0x000007ac       0x58 ./src/r_cg_port.o
                0x000007ac                R_PORT_Create
 .text          0x00000804        0x0 ./src/r_cg_port_user.o
 .text          0x00000804      0xd42 ./src/r_cg_timer.o
                0x00000804                R_TAU0_Create
                0x00000a28                R_TAU0_Channel0_Start
                0x00000a83                R_TAU0_Channel0_Stop
                0x00000ade                R_TMR_RJ0_Create
                0x00000ba7                R_TMR_RJ0_Start
                0x00000bf9                R_TMR_RJ0_Stop
                0x00000c4b                R_TMR_RD0_Create
                0x00000eeb                R_TMR_RD0_Start
                0x00000f4b                R_TMR_RD0_Stop
                0x00000fab                R_TMR_RD1_Create
                0x0000124c                R_TMR_RD1_Start
                0x000012ac                R_TMR_RD1_Stop
                0x0000130c                R_TMR_RG0_Create
                0x00001460                R_TMR_RG0_Start
                0x000014d3                R_TMR_RG0_Stop
 .text          0x00001546      0x6a2 ./src/r_cg_timer_user.o
                0x00001546                r_tau0_channel0_interrupt
                0x00001555                r_tmr_rj0_interrupt
                0x00001b43                r_tmr_rg0_interrupt
                0x00001b4f                startTMR0
                0x00001b8a                delayNoInt
                0x00001bbc                msDelay
 .text          0x00001be8        0xc ./src/r_cg_vector_table.o
                0x00001be8                R_Dummy
 .text          0x00001bf4       0x5c ./src/r_hardware_setup.o
                0x00001bf4                R_Systeminit
                0x00001c3f                HardwareSetup
 .text          0x00001c50       0xdb ./src/r_main.o
                0x00001c50                main
                0x00001c5c                R_MAIN_UserInit
 .text          0x00001d2b       0x60 ./src/r_reset_program.o
                0x00001d2d                PowerON_Reset
 .text          0x00001d8b        0x0 libMeanGreenG14.a(sin.o)
 .text          0x00001d8b        0x0 libMeanGreenG14.a(sinus.o)
 .text          0x00001d8b        0x0 libMeanGreenG14.a(errno.o)
 .text          0x00001d8b        0x0 libMeanGreenG14.a(fabs.o)
 .text          0x00001d8b        0x0 C:\PROGRA~2\KPIT\GNURL7~1.02-\rl78-elf/lib/gcc/rl78-elf/4.9-GNURL78_v15.02/g14\libgcc.a(fpbit-sf.o)
 .text          0x00001d8b        0x0 C:\PROGRA~2\KPIT\GNURL7~1.02-\rl78-elf/lib/gcc/rl78-elf/4.9-GNURL78_v15.02/g14\libgcc.a(fpmath-sf.o)
 .text          0x00001d8b        0x0 C:\PROGRA~2\KPIT\GNURL7~1.02-\rl78-elf/lib/gcc/rl78-elf/4.9-GNURL78_v15.02/g14\libgcc.a(_muldi3.o)
 .text          0x00001d8b        0x0 C:\PROGRA~2\KPIT\GNURL7~1.02-\rl78-elf/lib/gcc/rl78-elf/4.9-GNURL78_v15.02/g14\libgcc.a(_divdi3.o)
 .text          0x00001d8b        0x0 C:\PROGRA~2\KPIT\GNURL7~1.02-\rl78-elf/lib/gcc/rl78-elf/4.9-GNURL78_v15.02/g14\libgcc.a(divmodsi.o)
 .text          0x00001d8b        0x0 C:\PROGRA~2\KPIT\GNURL7~1.02-\rl78-elf/lib/gcc/rl78-elf/4.9-GNURL78_v15.02/g14\libgcc.a(_clz.o)
 *(.text.*)
 .text.sin      0x00001d8b       0x14 libMeanGreenG14.a(sin.o)
                0x00001d8b                sin
 .text.__sinus  0x00001d9f      0x490 libMeanGreenG14.a(sinus.o)
                0x00001d9f                __sinus
 .text.fabs     0x0000222f       0x5c libMeanGreenG14.a(fabs.o)
                0x0000222f                fabs
 .text.___negsf2
                0x0000228b        0xb C:\PROGRA~2\KPIT\GNURL7~1.02-\rl78-elf/lib/gcc/rl78-elf/4.9-GNURL78_v15.02/g14\libgcc.a(fpbit-sf.o)
                0x0000228b                __negsf2
 .text.__int_isnan
                0x00002296       0x20 C:\PROGRA~2\KPIT\GNURL7~1.02-\rl78-elf/lib/gcc/rl78-elf/4.9-GNURL78_v15.02/g14\libgcc.a(fpbit-sf.o)
                0x00002296                _int_isnan
 .text.__int_eithernan
                0x000022b6       0x15 C:\PROGRA~2\KPIT\GNURL7~1.02-\rl78-elf/lib/gcc/rl78-elf/4.9-GNURL78_v15.02/g14\libgcc.a(fpbit-sf.o)
                0x000022b6                _int_eithernan
 .text.__int_iszero
                0x000022cb        0xa C:\PROGRA~2\KPIT\GNURL7~1.02-\rl78-elf/lib/gcc/rl78-elf/4.9-GNURL78_v15.02/g14\libgcc.a(fpbit-sf.o)
                0x000022cb                _int_iszero
 .text.__int_cmpsf
                0x000022d5       0x52 C:\PROGRA~2\KPIT\GNURL7~1.02-\rl78-elf/lib/gcc/rl78-elf/4.9-GNURL78_v15.02/g14\libgcc.a(fpbit-sf.o)
                0x000022d5                _int_cmpsf
 .text.___cmpsf2
                0x00002327       0x14 C:\PROGRA~2\KPIT\GNURL7~1.02-\rl78-elf/lib/gcc/rl78-elf/4.9-GNURL78_v15.02/g14\libgcc.a(fpbit-sf.o)
                0x00002327                __cmpsf2
 .text.___eqsf2
                0x0000233b        0xf C:\PROGRA~2\KPIT\GNURL7~1.02-\rl78-elf/lib/gcc/rl78-elf/4.9-GNURL78_v15.02/g14\libgcc.a(fpbit-sf.o)
                0x0000233b                __nesf2
                0x0000233b                __lesf2
                0x0000233b                __eqsf2
                0x0000233b                __ltsf2
                0x0000233e                _int_cmp_common
 .text.___gesf2
                0x0000234a        0x5 C:\PROGRA~2\KPIT\GNURL7~1.02-\rl78-elf/lib/gcc/rl78-elf/4.9-GNURL78_v15.02/g14\libgcc.a(fpbit-sf.o)
                0x0000234a                __gesf2
                0x0000234a                __gtsf2
 .text.___unordsf2
                0x0000234f        0xe C:\PROGRA~2\KPIT\GNURL7~1.02-\rl78-elf/lib/gcc/rl78-elf/4.9-GNURL78_v15.02/g14\libgcc.a(fpbit-sf.o)
                0x0000234f                __unordsf2
 .text.___fixsfsi
                0x0000235d       0x51 C:\PROGRA~2\KPIT\GNURL7~1.02-\rl78-elf/lib/gcc/rl78-elf/4.9-GNURL78_v15.02/g14\libgcc.a(fpbit-sf.o)
                0x0000235d                __fixsfsi
 .text.___fixunssfsi
                0x000023ae       0x6e C:\PROGRA~2\KPIT\GNURL7~1.02-\rl78-elf/lib/gcc/rl78-elf/4.9-GNURL78_v15.02/g14\libgcc.a(fpbit-sf.o)
                0x000023ae                __fixunssfsi
                0x000023b4                _int_fixunssfsi
 .text.___floatsisf
                0x0000241c       0x7d C:\PROGRA~2\KPIT\GNURL7~1.02-\rl78-elf/lib/gcc/rl78-elf/4.9-GNURL78_v15.02/g14\libgcc.a(fpbit-sf.o)
                0x0000241c                __floatsisf
                0x00002447                __floatunsisf
                0x0000244c                _int_floatunsisf
 .text.__int_isinf
                0x00002499       0x17 C:\PROGRA~2\KPIT\GNURL7~1.02-\rl78-elf/lib/gcc/rl78-elf/4.9-GNURL78_v15.02/g14\libgcc.a(fpmath-sf.o)
                0x00002499                _int_isinf
 .text._int_unpack_sf
                0x000024b0       0x37 C:\PROGRA~2\KPIT\GNURL7~1.02-\rl78-elf/lib/gcc/rl78-elf/4.9-GNURL78_v15.02/g14\libgcc.a(fpmath-sf.o)
                0x000024b0                int_unpack_sf
 .text.___subsf3
                0x000024e7       0x1e C:\PROGRA~2\KPIT\GNURL7~1.02-\rl78-elf/lib/gcc/rl78-elf/4.9-GNURL78_v15.02/g14\libgcc.a(fpmath-sf.o)
                0x000024e7                __subsf3
 .text.___addsf3
                0x00002505      0x1d5 C:\PROGRA~2\KPIT\GNURL7~1.02-\rl78-elf/lib/gcc/rl78-elf/4.9-GNURL78_v15.02/g14\libgcc.a(fpmath-sf.o)
                0x00002505                __addsf3
 .text.__rl78_int_pack_a_r8
                0x000026da       0xaa C:\PROGRA~2\KPIT\GNURL7~1.02-\rl78-elf/lib/gcc/rl78-elf/4.9-GNURL78_v15.02/g14\libgcc.a(fpmath-sf.o)
                0x000026da                _rl78_int_pack_a_r8
 .text.___mulsf3
                0x00002784      0x13e C:\PROGRA~2\KPIT\GNURL7~1.02-\rl78-elf/lib/gcc/rl78-elf/4.9-GNURL78_v15.02/g14\libgcc.a(fpmath-sf.o)
                0x00002784                __mulsf3
 .text.___divsf3
                0x000028c2      0x16b C:\PROGRA~2\KPIT\GNURL7~1.02-\rl78-elf/lib/gcc/rl78-elf/4.9-GNURL78_v15.02/g14\libgcc.a(fpmath-sf.o)
                0x000028c2                __divsf3
 .text.__muldi3
                0x00002a2d      0x2df C:\PROGRA~2\KPIT\GNURL7~1.02-\rl78-elf/lib/gcc/rl78-elf/4.9-GNURL78_v15.02/g14\libgcc.a(_muldi3.o)
                0x00002a2d                __muldi3
 .text.__divdi3
                0x00002d0c     0x1abd C:\PROGRA~2\KPIT\GNURL7~1.02-\rl78-elf/lib/gcc/rl78-elf/4.9-GNURL78_v15.02/g14\libgcc.a(_divdi3.o)
                0x00002d0c                __divdi3
 .text.___divsi3
                0x000047c9       0x6e C:\PROGRA~2\KPIT\GNURL7~1.02-\rl78-elf/lib/gcc/rl78-elf/4.9-GNURL78_v15.02/g14\libgcc.a(divmodsi.o)
                0x000047c9                __divsi3
 .text.___udivsi3
                0x00004837       0x1b C:\PROGRA~2\KPIT\GNURL7~1.02-\rl78-elf/lib/gcc/rl78-elf/4.9-GNURL78_v15.02/g14\libgcc.a(divmodsi.o)
                0x00004837                __udivsi3
 .text.___modsi3
                0x00004852       0x6e C:\PROGRA~2\KPIT\GNURL7~1.02-\rl78-elf/lib/gcc/rl78-elf/4.9-GNURL78_v15.02/g14\libgcc.a(divmodsi.o)
                0x00004852                __modsi3
 .text.___umodsi3
                0x000048c0       0x1c C:\PROGRA~2\KPIT\GNURL7~1.02-\rl78-elf/lib/gcc/rl78-elf/4.9-GNURL78_v15.02/g14\libgcc.a(divmodsi.o)
                0x000048c0                __umodsi3
                0x000048dc                etext = .
                0x000048dc                . = ALIGN (0x2)

.init
 *(.init)

.fini
 *(.fini)

.got
 *(.got)
 *(.got.plt)

.rodata         0x000048dc      0x10f
                0x000048dc                . = ALIGN (0x2)
 *(.rodata)
 .rodata        0x000048dc        0xf ./src/r_main.o
 *(.rodata.*)
 .rodata.__clz_tab
                0x000048eb      0x100 C:\PROGRA~2\KPIT\GNURL7~1.02-\rl78-elf/lib/gcc/rl78-elf/4.9-GNURL78_v15.02/g14\libgcc.a(_clz.o)
                0x000048eb                __clz_tab
                0x000049eb                _erodata = .

.eh_frame_hdr
 *(.eh_frame_hdr)

.eh_frame
 *(.eh_frame)

.jcr            0x000049eb        0x1
 *(.jcr)
                0x000049ec                . = ALIGN (0x2)
 *fill*         0x000049eb        0x1 

.data           0x000fe900        0xa load address 0x000000d8
                0x000fe900                . = ALIGN (0x2)
                0x000fe900                _data = .
 *(.data)
 .data          0x000fe900        0x0 ./src/lcd.o
 .data          0x000fe900        0x0 ./src/r_cg_adc.o
 .data          0x000fe900        0x0 ./src/r_cg_adc_user.o
 .data          0x000fe900        0x0 ./src/r_cg_cgc.o
 .data          0x000fe900        0x0 ./src/r_cg_cgc_user.o
 .data          0x000fe900        0x0 ./src/r_cg_port.o
 .data          0x000fe900        0x0 ./src/r_cg_port_user.o
 .data          0x000fe900        0x0 ./src/r_cg_timer.o
 .data          0x000fe900        0x8 ./src/r_cg_timer_user.o
                0x000fe900                t_update
                0x000fe904                F1
 .data          0x000fe908        0x0 ./src/r_cg_vector_table.o
 .data          0x000fe908        0x0 ./src/r_hardware_setup.o
 .data          0x000fe908        0x2 ./src/r_main.o
                0x000fe908                tempo
 .data          0x000fe90a        0x0 ./src/r_reset_program.o
 .data          0x000fe90a        0x0 libMeanGreenG14.a(sin.o)
 .data          0x000fe90a        0x0 libMeanGreenG14.a(sinus.o)
 .data          0x000fe90a        0x0 libMeanGreenG14.a(errno.o)
 .data          0x000fe90a        0x0 libMeanGreenG14.a(fabs.o)
 .data          0x000fe90a        0x0 C:\PROGRA~2\KPIT\GNURL7~1.02-\rl78-elf/lib/gcc/rl78-elf/4.9-GNURL78_v15.02/g14\libgcc.a(fpbit-sf.o)
 .data          0x000fe90a        0x0 C:\PROGRA~2\KPIT\GNURL7~1.02-\rl78-elf/lib/gcc/rl78-elf/4.9-GNURL78_v15.02/g14\libgcc.a(fpmath-sf.o)
 .data          0x000fe90a        0x0 C:\PROGRA~2\KPIT\GNURL7~1.02-\rl78-elf/lib/gcc/rl78-elf/4.9-GNURL78_v15.02/g14\libgcc.a(_muldi3.o)
 .data          0x000fe90a        0x0 C:\PROGRA~2\KPIT\GNURL7~1.02-\rl78-elf/lib/gcc/rl78-elf/4.9-GNURL78_v15.02/g14\libgcc.a(_divdi3.o)
 .data          0x000fe90a        0x0 C:\PROGRA~2\KPIT\GNURL7~1.02-\rl78-elf/lib/gcc/rl78-elf/4.9-GNURL78_v15.02/g14\libgcc.a(divmodsi.o)
 .data          0x000fe90a        0x0 C:\PROGRA~2\KPIT\GNURL7~1.02-\rl78-elf/lib/gcc/rl78-elf/4.9-GNURL78_v15.02/g14\libgcc.a(_clz.o)
 *(.data.*)
                0x000fe90a                . = ALIGN (0x2)
                0x000fe90a                _edata = .
                0x0000000a                PROVIDE (__romdatacopysize, SIZEOF (.data))

.bss            0x000fe90a        0xc load address 0x000000e2
                0x000fe90a                . = ALIGN (0x2)
                0x000fe90a                _bss = .
 *(.bss)
 .bss           0x000fe90a        0x0 ./src/lcd.o
 .bss           0x000fe90a        0x0 ./src/r_cg_adc.o
 .bss           0x000fe90a        0x0 ./src/r_cg_adc_user.o
 .bss           0x000fe90a        0x0 ./src/r_cg_cgc.o
 .bss           0x000fe90a        0x0 ./src/r_cg_cgc_user.o
 .bss           0x000fe90a        0x0 ./src/r_cg_port.o
 .bss           0x000fe90a        0x0 ./src/r_cg_port_user.o
 .bss           0x000fe90a        0x0 ./src/r_cg_timer.o
 .bss           0x000fe90a        0x6 ./src/r_cg_timer_user.o
                0x000fe90a                x
                0x000fe90e                function
                0x000fe90f                tempflag
 .bss           0x000fe910        0x0 ./src/r_cg_vector_table.o
 .bss           0x000fe910        0x0 ./src/r_hardware_setup.o
 .bss           0x000fe910        0x2 ./src/r_main.o
                0x000fe910                flag
 .bss           0x000fe912        0x0 ./src/r_reset_program.o
 .bss           0x000fe912        0x0 libMeanGreenG14.a(sin.o)
 .bss           0x000fe912        0x0 libMeanGreenG14.a(sinus.o)
 .bss           0x000fe912        0x0 libMeanGreenG14.a(errno.o)
 .bss           0x000fe912        0x0 libMeanGreenG14.a(fabs.o)
 .bss           0x000fe912        0x0 C:\PROGRA~2\KPIT\GNURL7~1.02-\rl78-elf/lib/gcc/rl78-elf/4.9-GNURL78_v15.02/g14\libgcc.a(fpbit-sf.o)
 .bss           0x000fe912        0x0 C:\PROGRA~2\KPIT\GNURL7~1.02-\rl78-elf/lib/gcc/rl78-elf/4.9-GNURL78_v15.02/g14\libgcc.a(fpmath-sf.o)
 .bss           0x000fe912        0x0 C:\PROGRA~2\KPIT\GNURL7~1.02-\rl78-elf/lib/gcc/rl78-elf/4.9-GNURL78_v15.02/g14\libgcc.a(_muldi3.o)
 .bss           0x000fe912        0x0 C:\PROGRA~2\KPIT\GNURL7~1.02-\rl78-elf/lib/gcc/rl78-elf/4.9-GNURL78_v15.02/g14\libgcc.a(_divdi3.o)
 .bss           0x000fe912        0x0 C:\PROGRA~2\KPIT\GNURL7~1.02-\rl78-elf/lib/gcc/rl78-elf/4.9-GNURL78_v15.02/g14\libgcc.a(divmodsi.o)
 .bss           0x000fe912        0x0 C:\PROGRA~2\KPIT\GNURL7~1.02-\rl78-elf/lib/gcc/rl78-elf/4.9-GNURL78_v15.02/g14\libgcc.a(_clz.o)
 *(.bss.**)
                0x000fe912                . = ALIGN (0x2)
 *(COMMON)
 COMMON         0x000fe912        0x2 ./src/r_cg_timer_user.o
                0x000fe912                A
                0x000fe913                TAUflag
 COMMON         0x000fe914        0x2 libMeanGreenG14.a(errno.o)
                0x000fe914                errno
                0x000fe916                . = ALIGN (0x2)
                0x000fe916                _ebss = .
                0x000fe916                _end = .
                0x00000064                PROVIDE (stack_size, 0x64)

.stack          0x000ffedc        0x0
                0x000ffedc                _stack = .
                0x00000001                ASSERT ((_stack > (_end + stack_size)), Error: Too much data - no room left for the stack)
LOAD ./src/lcd.o
LOAD ./src/r_cg_adc.o
LOAD ./src/r_cg_adc_user.o
LOAD ./src/r_cg_cgc.o
LOAD ./src/r_cg_cgc_user.o
LOAD ./src/r_cg_port.o
LOAD ./src/r_cg_port_user.o
LOAD ./src/r_cg_timer.o
LOAD ./src/r_cg_timer_user.o
LOAD ./src/r_cg_vector_table.o
LOAD ./src/r_hardware_setup.o
LOAD ./src/r_main.o
LOAD ./src/r_reset_program.o
LOAD libMeanGreenG14.a
START GROUP
LOAD C:\Users\shithead\Documents\workspace\MeanGreenG14\HardwareDebug\libMeanGreenG14.a
LOAD C:\PROGRA~2\KPIT\GNURL7~1.02-\rl78-elf/lib/gcc/rl78-elf/4.9-GNURL78_v15.02/g14\libgcc.a
END GROUP
OUTPUT(MeanGreenG14.x elf32-rl78)

.debug_frame    0x00000000      0x494
 .debug_frame   0x00000000       0x8c ./src/lcd.o
 .debug_frame   0x0000008c       0x74 ./src/r_cg_adc.o
 .debug_frame   0x00000100       0x40 ./src/r_cg_adc_user.o
 .debug_frame   0x00000140       0x24 ./src/r_cg_cgc.o
 .debug_frame   0x00000164       0x24 ./src/r_cg_port.o
 .debug_frame   0x00000188      0x134 ./src/r_cg_timer.o
 .debug_frame   0x000002bc      0x10c ./src/r_cg_timer_user.o
 .debug_frame   0x000003c8       0x40 ./src/r_cg_vector_table.o
 .debug_frame   0x00000408       0x3c ./src/r_hardware_setup.o
 .debug_frame   0x00000444       0x50 ./src/r_main.o

.debug_info     0x00000000     0x1b0d
 .debug_info    0x00000000      0x3b1 ./src/lcd.o
 .debug_info    0x000003b1      0x361 ./src/r_cg_adc.o
 .debug_info    0x00000712       0x61 ./src/r_cg_adc_user.o
 .debug_info    0x00000773      0x133 ./src/r_cg_cgc.o
 .debug_info    0x000008a6       0x48 ./src/r_cg_cgc_user.o
 .debug_info    0x000008ee      0x1be ./src/r_cg_port.o
 .debug_info    0x00000aac       0x48 ./src/r_cg_port_user.o
 .debug_info    0x00000af4      0x9a5 ./src/r_cg_timer.o
 .debug_info    0x00001499      0x3cf ./src/r_cg_timer_user.o
 .debug_info    0x00001868      0x108 ./src/r_cg_vector_table.o
 .debug_info    0x00001970       0x7d ./src/r_hardware_setup.o
 .debug_info    0x000019ed       0x9b ./src/r_main.o
 .debug_info    0x00001a88       0x85 ./src/r_reset_program.o

.debug_abbrev   0x00000000      0x7c1
 .debug_abbrev  0x00000000      0x168 ./src/lcd.o
 .debug_abbrev  0x00000168       0xf1 ./src/r_cg_adc.o
 .debug_abbrev  0x00000259       0x37 ./src/r_cg_adc_user.o
 .debug_abbrev  0x00000290       0x82 ./src/r_cg_cgc.o
 .debug_abbrev  0x00000312       0x1b ./src/r_cg_cgc_user.o
 .debug_abbrev  0x0000032d       0x8f ./src/r_cg_port.o
 .debug_abbrev  0x000003bc       0x1b ./src/r_cg_port_user.o
 .debug_abbrev  0x000003d7      0x156 ./src/r_cg_timer.o
 .debug_abbrev  0x0000052d      0x155 ./src/r_cg_timer_user.o
 .debug_abbrev  0x00000682       0x7c ./src/r_cg_vector_table.o
 .debug_abbrev  0x000006fe       0x5c ./src/r_hardware_setup.o
 .debug_abbrev  0x0000075a       0x53 ./src/r_main.o
 .debug_abbrev  0x000007ad       0x14 ./src/r_reset_program.o

.debug_aranges  0x00000000      0x190
 .debug_aranges
                0x00000000       0x20 ./src/lcd.o
 .debug_aranges
                0x00000020       0x20 ./src/r_cg_adc.o
 .debug_aranges
                0x00000040       0x20 ./src/r_cg_adc_user.o
 .debug_aranges
                0x00000060       0x20 ./src/r_cg_cgc.o
 .debug_aranges
                0x00000080       0x18 ./src/r_cg_cgc_user.o
 .debug_aranges
                0x00000098       0x20 ./src/r_cg_port.o
 .debug_aranges
                0x000000b8       0x18 ./src/r_cg_port_user.o
 .debug_aranges
                0x000000d0       0x20 ./src/r_cg_timer.o
 .debug_aranges
                0x000000f0       0x20 ./src/r_cg_timer_user.o
 .debug_aranges
                0x00000110       0x20 ./src/r_cg_vector_table.o
 .debug_aranges
                0x00000130       0x20 ./src/r_hardware_setup.o
 .debug_aranges
                0x00000150       0x20 ./src/r_main.o
 .debug_aranges
                0x00000170       0x20 ./src/r_reset_program.o

.debug_line     0x00000000      0xe73
 .debug_line    0x00000000      0x221 ./src/lcd.o
 .debug_line    0x00000221      0x162 ./src/r_cg_adc.o
 .debug_line    0x00000383       0x4d ./src/r_cg_adc_user.o
 .debug_line    0x000003d0       0x80 ./src/r_cg_cgc.o
 .debug_line    0x00000450       0x1d ./src/r_cg_cgc_user.o
 .debug_line    0x0000046d       0x8d ./src/r_cg_port.o
 .debug_line    0x000004fa       0x1d ./src/r_cg_port_user.o
 .debug_line    0x00000517      0x452 ./src/r_cg_timer.o
 .debug_line    0x00000969      0x1dd ./src/r_cg_timer_user.o
 .debug_line    0x00000b46       0x68 ./src/r_cg_vector_table.o
 .debug_line    0x00000bae       0xb0 ./src/r_hardware_setup.o
 .debug_line    0x00000c5e       0xb6 ./src/r_main.o
 .debug_line    0x00000d14      0x15f ./src/r_reset_program.o

.debug_str      0x00000000      0x77f
 .debug_str     0x00000000      0x1b1 ./src/lcd.o
                                0x1c3 (size before relaxing)
 .debug_str     0x000001b1      0x119 ./src/r_cg_adc.o
                                0x25e (size before relaxing)
 .debug_str     0x000002ca       0x27 ./src/r_cg_adc_user.o
                                0x14f (size before relaxing)
 .debug_str     0x000002f1       0x2d ./src/r_cg_cgc.o
                                0x15d (size before relaxing)
 .debug_str     0x0000031e       0x17 ./src/r_cg_cgc_user.o
                                0x13f (size before relaxing)
 .debug_str     0x00000335       0x40 ./src/r_cg_port.o
                                0x188 (size before relaxing)
 .debug_str     0x00000375       0x18 ./src/r_cg_port_user.o
                                0x140 (size before relaxing)
 .debug_str     0x0000038d      0x27e ./src/r_cg_timer.o
                                0x4f1 (size before relaxing)
 .debug_str     0x0000060b       0xbf ./src/r_cg_timer_user.o
                                0x239 (size before relaxing)
 .debug_str     0x000006ca       0x55 ./src/r_cg_vector_table.o
                                0x18d (size before relaxing)
 .debug_str     0x0000071f       0x35 ./src/r_hardware_setup.o
                                0x15d (size before relaxing)
 .debug_str     0x00000754       0x2b ./src/r_main.o
                                0x158 (size before relaxing)

.comment        0x00000000       0x94
 .comment       0x00000000       0x94 ./src/lcd.o
                                 0x95 (size before relaxing)
 .comment       0x00000000       0x95 ./src/r_cg_adc.o
 .comment       0x00000000       0x95 ./src/r_cg_adc_user.o
 .comment       0x00000000       0x95 ./src/r_cg_cgc.o
 .comment       0x00000000       0x95 ./src/r_cg_cgc_user.o
 .comment       0x00000000       0x95 ./src/r_cg_port.o
 .comment       0x00000000       0x95 ./src/r_cg_port_user.o
 .comment       0x00000000       0x95 ./src/r_cg_timer.o
 .comment       0x00000000       0x95 ./src/r_cg_timer_user.o
 .comment       0x00000000       0x95 ./src/r_cg_vector_table.o
 .comment       0x00000000       0x95 ./src/r_hardware_setup.o
 .comment       0x00000000       0x95 ./src/r_main.o
 .comment       0x00000000       0x95 libMeanGreenG14.a(sin.o)
 .comment       0x00000000       0x95 libMeanGreenG14.a(sinus.o)
 .comment       0x00000000       0x95 libMeanGreenG14.a(errno.o)
 .comment       0x00000000       0x95 libMeanGreenG14.a(fabs.o)
 .comment       0x00000000       0x95 C:\PROGRA~2\KPIT\GNURL7~1.02-\rl78-elf/lib/gcc/rl78-elf/4.9-GNURL78_v15.02/g14\libgcc.a(_muldi3.o)
 .comment       0x00000000       0x95 C:\PROGRA~2\KPIT\GNURL7~1.02-\rl78-elf/lib/gcc/rl78-elf/4.9-GNURL78_v15.02/g14\libgcc.a(_divdi3.o)
 .comment       0x00000000       0x95 C:\PROGRA~2\KPIT\GNURL7~1.02-\rl78-elf/lib/gcc/rl78-elf/4.9-GNURL78_v15.02/g14\libgcc.a(_clz.o)
