   1                             	r8	=	0xffef0
   2                             	r16	=	0xffee8
   3                             	r24	=	0xffee0
   4                             	r9	=	0xffef1
   5                             	r17	=	0xffee9
   6                             	r25	=	0xffee1
   7                             	r10	=	0xffef2
   8                             	r18	=	0xffeea
   9                             	r26	=	0xffee2
  10                             	r11	=	0xffef3
  11                             	r19	=	0xffeeb
  12                             	r27	=	0xffee3
  13                             	r12	=	0xffef4
  14                             	r20	=	0xffeec
  15                             	r28	=	0xffee4
  16                             	r13	=	0xffef5
  17                             	r21	=	0xffeed
  18                             	r29	=	0xffee5
  19                             	r14	=	0xffef6
  20                             	r22	=	0xffeee
  21                             	r30	=	0xffee6
  22                             	r15	=	0xffef7
  23                             	r23	=	0xffeef
  24                             	r31	=	0xffee7
  25                             	.text
  26                             	.Ltext0:
  27                             		.global	_r_adc_interrupt
  29                             	_r_adc_interrupt:
  30                             	.LFB0:
  31                             		.file 1 "../src/r_cg_adc_user.c"
   1:../src/r_cg_adc_user.c **** /**************************************************************************************************
   2:../src/r_cg_adc_user.c **** * DISCLAIMER
   3:../src/r_cg_adc_user.c **** * This software is supplied by Renesas Electronics Corporation and is only intended for use with Re
   4:../src/r_cg_adc_user.c **** * No other uses are authorized. This software is owned by Renesas Electronics Corporation and is pr
   5:../src/r_cg_adc_user.c **** * applicable laws, including copyright laws. 
   6:../src/r_cg_adc_user.c **** * THIS SOFTWARE IS PROVIDED "AS IS" AND RENESAS MAKES NO WARRANTIESREGARDING THIS SOFTWARE, WHETHER
   7:../src/r_cg_adc_user.c **** * OR STATUTORY, INCLUDING BUT NOT LIMITED TO WARRANTIES OF MERCHANTABILITY, FITNESS FOR A PARTICULA
   8:../src/r_cg_adc_user.c **** * NON-INFRINGEMENT.  ALL SUCH WARRANTIES ARE EXPRESSLY DISCLAIMED.TO THE MAXIMUM EXTENT PERMITTED N
   9:../src/r_cg_adc_user.c **** * LAW, NEITHER RENESAS ELECTRONICS CORPORATION NOR ANY OF ITS AFFILIATED COMPANIES SHALL BE LIABLE 
  10:../src/r_cg_adc_user.c **** * INDIRECT, SPECIAL, INCIDENTAL OR CONSEQUENTIAL DAMAGES FOR ANY REASON RELATED TO THIS SOFTWARE, E
  11:../src/r_cg_adc_user.c **** * ITS AFFILIATES HAVE BEEN ADVISED OF THE POSSIBILITY OF SUCH DAMAGES.
  12:../src/r_cg_adc_user.c **** * Renesas reserves the right, without notice, to make changes to this software and to discontinue t
  13:../src/r_cg_adc_user.c **** * of this software. By using this software, you agree to the additional terms and conditions found 
  14:../src/r_cg_adc_user.c **** * following link:
  15:../src/r_cg_adc_user.c **** * http://www.renesas.com/disclaimer
  16:../src/r_cg_adc_user.c **** *
  17:../src/r_cg_adc_user.c **** * Copyright (C) 2011, 2015 Renesas Electronics Corporation. All rights reserved.
  18:../src/r_cg_adc_user.c **** ***************************************************************************************************
  19:../src/r_cg_adc_user.c **** 
  20:../src/r_cg_adc_user.c **** /**************************************************************************************************
  21:../src/r_cg_adc_user.c **** * File Name    : r_cg_adc_user.c
  22:../src/r_cg_adc_user.c **** * Version      : CodeGenerator for RL78/G14 V2.04.02.01 [15 May 2015]
  23:../src/r_cg_adc_user.c **** * Device(s)    : R5F104LE
  24:../src/r_cg_adc_user.c **** * Tool-Chain   : GCCRL78
  25:../src/r_cg_adc_user.c **** * Description  : This file implements device driver for ADC module.
  26:../src/r_cg_adc_user.c **** * Creation Date: 12/1/2017
  27:../src/r_cg_adc_user.c **** ***************************************************************************************************
  28:../src/r_cg_adc_user.c **** 
  29:../src/r_cg_adc_user.c **** /**************************************************************************************************
  30:../src/r_cg_adc_user.c **** Includes
  31:../src/r_cg_adc_user.c **** ***************************************************************************************************
  32:../src/r_cg_adc_user.c **** #include "r_cg_macrodriver.h"
  33:../src/r_cg_adc_user.c **** #include "r_cg_adc.h"
  34:../src/r_cg_adc_user.c **** /* Start user code for include. Do not edit comment generated here */
  35:../src/r_cg_adc_user.c **** /* End user code. Do not edit comment generated here */
  36:../src/r_cg_adc_user.c **** #include "r_cg_userdefine.h"
  37:../src/r_cg_adc_user.c **** 
  38:../src/r_cg_adc_user.c **** /**************************************************************************************************
  39:../src/r_cg_adc_user.c **** Global variables and functions
  40:../src/r_cg_adc_user.c **** ***************************************************************************************************
  41:../src/r_cg_adc_user.c **** /* Start user code for global. Do not edit comment generated here */
  42:../src/r_cg_adc_user.c **** /* End user code. Do not edit comment generated here */
  43:../src/r_cg_adc_user.c **** 
  44:../src/r_cg_adc_user.c **** /**************************************************************************************************
  45:../src/r_cg_adc_user.c **** * Function Name: r_adc_interrupt
  46:../src/r_cg_adc_user.c **** * Description  : This function is INTAD interrupt service routine.
  47:../src/r_cg_adc_user.c **** * Arguments    : None
  48:../src/r_cg_adc_user.c **** * Return Value : None
  49:../src/r_cg_adc_user.c **** ***************************************************************************************************
  50:../src/r_cg_adc_user.c **** void r_adc_interrupt(void)
  51:../src/r_cg_adc_user.c **** {
  32                             		.loc 1 51 0
  33                             		; start of function
  34                             		; push 8: ax bc de hl
  35 0000 61 CF                   		sel	rb0
  36 0002 C1                      		push	ax
  37                             	.LCFI0:
  38 0003 C3                      		push	bc
  39                             	.LCFI1:
  40 0004 C5                      		push	de
  41                             	.LCFI2:
  42 0005 C7                      		push	hl
  43                             	.LCFI3:
  52:../src/r_cg_adc_user.c ****     /* Start user code. Do not edit comment generated here */
  53:../src/r_cg_adc_user.c ****     /* End user code. Do not edit comment generated here */
  54:../src/r_cg_adc_user.c **** }
  44                             		.loc 1 54 0
  45 0006 C6                      		pop	hl
  46 0007 C4                      		pop	de
  47 0008 C2                      		pop	bc
  48 0009 C0                      		pop	ax
  49 000a 61 FC                   		reti
  50                             	.LFE0:
  94                             	.Letext0:
